// Jest Snapshot v1, https://goo.gl/fbAQLP

exports[`Render correctly <Tabs> 1`] = `
<span>
  Tab children
</span>
`;
