// Jest Snapshot v1, https://goo.gl/fbAQLP

exports[`Render correctly <FilmDetailInfo> 1`] = `
<React.Fragment>
  <section
    className="movie-card movie-card--full"
  >
    <div
      className="movie-card__hero"
    >
      <div
        className="movie-card__bg"
      >
        <img
          alt="The Grand Budapest Hotel"
          src="img/bg-the-grand-budapest-hotel.jpg"
        />
      </div>
      <h1
        className="visually-hidden"
      >
        WTW
      </h1>
      <Header
        additionalClass="movie-card__head"
      >
        <Memo(Connect(UserInfo)) />
      </Header>
      <div
        className="movie-card__wrap"
      >
        <div
          className="movie-card__desc"
        >
          <h2
            className="movie-card__title"
            onClick={[Function]}
          >
            The Grand Budapest Hotel
          </h2>
          <p
            className="movie-card__meta"
          >
            <span
              className="movie-card__genre"
            >
              Comedy
            </span>
            <span
              className="movie-card__year"
            >
              2014
            </span>
          </p>
          <div
            className="movie-card__buttons"
          >
            <button
              className="btn btn--play movie-card__button"
              onClick={[Function]}
              type="button"
            >
              <svg
                height="19"
                viewBox="0 0 19 19"
                width="19"
              >
                <use
                  xlinkHref="#play-s"
                />
              </svg>
              <span>
                Play
              </span>
            </button>
            <button
              className="btn btn--list movie-card__button"
              type="button"
            >
              <svg
                height="20"
                viewBox="0 0 19 20"
                width="19"
              >
                <use
                  xlinkHref="#add"
                />
              </svg>
              <span>
                My list
              </span>
            </button>
            <a
              className="btn movie-card__button"
              href="add-review.html"
            >
              Add review
            </a>
          </div>
        </div>
      </div>
    </div>
    <div
      className="movie-card__wrap movie-card__translate-top"
    >
      <div
        className="movie-card__info"
      >
        <div
          className="movie-card__poster movie-card__poster--big"
        >
          <img
            alt="The Grand Budapest Hotel poster"
            height="327"
            onClick={[Function]}
            src="img/the-grand-budapest-hotel-poster.jpg"
            width="218"
          />
        </div>
        <div
          className="movie-card__desc"
        >
          <WithVideoPreview>
            <Tab
              name="Overview"
            >
               
              <FilmOverview
                film={
                  Object {
                    "backgroundColor": "#ffffff",
                    "backgroundImg": "img/bg-the-grand-budapest-hotel.jpg",
                    "description": "In the 1930s, the Grand Budapest Hotel is a popular European ski resort, presided over by concierge Gustave H. (Ralph Fiennes). Zero, a junior lobby boy, becomes Gustave's friend and protege.",
                    "director": "Wes Andreson",
                    "genre": "Comedy",
                    "id": 1,
                    "isFavorite": false,
                    "name": "The Grand Budapest Hotel",
                    "posterImg": "img/the-grand-budapest-hotel-poster.jpg",
                    "previewImg": "img/the-grand-budapest-hotel.jpg",
                    "previewVideoLink": "https://some-link",
                    "rating": 8.9,
                    "released": 2014,
                    "runTime": 99,
                    "scoresCount": 240,
                    "starring": Array [
                      "Bill Murray",
                      "Edward Norton",
                      "Jude Law",
                      "Willem Dafoe",
                      "Saoirse Ronan",
                    ],
                    "videoLink": "https://some-link",
                  }
                }
              />
               
            </Tab>
            <Tab
              name="Details"
            >
               
              <FilmDetails
                film={
                  Object {
                    "backgroundColor": "#ffffff",
                    "backgroundImg": "img/bg-the-grand-budapest-hotel.jpg",
                    "description": "In the 1930s, the Grand Budapest Hotel is a popular European ski resort, presided over by concierge Gustave H. (Ralph Fiennes). Zero, a junior lobby boy, becomes Gustave's friend and protege.",
                    "director": "Wes Andreson",
                    "genre": "Comedy",
                    "id": 1,
                    "isFavorite": false,
                    "name": "The Grand Budapest Hotel",
                    "posterImg": "img/the-grand-budapest-hotel-poster.jpg",
                    "previewImg": "img/the-grand-budapest-hotel.jpg",
                    "previewVideoLink": "https://some-link",
                    "rating": 8.9,
                    "released": 2014,
                    "runTime": 99,
                    "scoresCount": 240,
                    "starring": Array [
                      "Bill Murray",
                      "Edward Norton",
                      "Jude Law",
                      "Willem Dafoe",
                      "Saoirse Ronan",
                    ],
                    "videoLink": "https://some-link",
                  }
                }
              />
               
            </Tab>
            <Tab
              name="Reviews"
            >
               
              <FilmReviews />
               
            </Tab>
          </WithVideoPreview>
        </div>
      </div>
    </div>
  </section>
  <div
    className="page-content"
  >
    
    <footer
      className="page-footer"
    >
      <div
        className="logo"
      >
        <a
          className="logo__link logo__link--light"
          href="main.html"
        >
          <span
            className="logo__letter logo__letter--1"
          >
            W
          </span>
          <span
            className="logo__letter logo__letter--2"
          >
            T
          </span>
          <span
            className="logo__letter logo__letter--3"
          >
            W
          </span>
        </a>
      </div>
      <div
        className="copyright"
      >
        <p>
          Â© 2019 What to watch Ltd.
        </p>
      </div>
    </footer>
  </div>
</React.Fragment>
`;
