// Jest Snapshot v1, https://goo.gl/fbAQLP

exports[`Render correctly <VideoPlayer> 1`] = `
<video
  autoPlay={false}
  height="100"
  muted={false}
  poster="/picture/src.jpg"
  src="https://upload.wikimedia.org/wikipedia/commons/transcoded/b/b3/Big_Buck_Bunny_Trailer_400p.ogv/Big_Buck_Bunny_Trailer_400p.ogv.360p.webm"
  width="100"
/>
`;
