// Jest Snapshot v1, https://goo.gl/fbAQLP

exports[`Render correctly <FilmReviews> 1`] = `
<div
  className="movie-card__reviews movie-card__row"
>
  <div
    className="movie-card__reviews-col"
  >
    <div
      className="review"
    >
      <blockquote
        className="review__quote"
      >
        <p
          className="review__text"
        >
          test comment
        </p>
        <footer
          className="review__details"
        >
          <cite
            className="review__author"
          >
            User name
          </cite>
          <time
            className="review__date"
            dateTime="2018-04-04"
          >
            April 4, 2018
          </time>
        </footer>
      </blockquote>
      <div
        className="review__rating"
      >
        8.1
      </div>
    </div>
  </div>
  0
</div>
`;
